[18:28:14] [supervisor] run_dir=D:\djr82\flyloop\runs\m6_m5_base duration=8.0h ram_avail=11.6GB
[18:28:14] [service] spawned sandbox flymemory on port 53141 db=D:\djr82\flyloop\runs\m6_m5_base\mem_FULL-RES.pkl
[18:28:28] [service] port is up
[18:28:29] [service] spawned sandbox flymemory on port 53142 db=D:\djr82\flyloop\runs\m6_m5_base\mem_arm1.pkl
[18:28:43] [service] port is up
[18:28:43] [service] spawned sandbox flymemory on port 53143 db=D:\djr82\flyloop\runs\m6_m5_base\mem_arm2.pkl
[18:28:57] [service] port is up
[18:28:58] [service] spawned sandbox flymemory on port 53144 db=D:\djr82\flyloop\runs\m6_m5_base\mem_arm3.pkl
[18:29:16] [service] port is up
[18:29:16] [supervisor] starting worker (restart #0)
[19:41:32] [supervisor] worker exited rc=1
[19:41:32] [supervisor] backing off 10s before restart
[19:41:42] [supervisor] starting worker (restart #1)
[21:41:50] [diag 25%] rc=0  PASS
[23:41:54] [diag 50%] rc=0  PASS
[01:41:57] [diag 75%] rc=0  PASS
[02:29:18] [supervisor] deadline during run -> STOP written
[02:29:23] [supervisor] worker exited rc=0
[02:29:23] [supervisor] worker finished gracefully
[02:29:23] [supervisor] done
